4a92ab00-8a27-4623-ab1d-56ac85fcd6b0
